[www.piaproxy.com/index.html]
[backblue.gif]
[fade.gif]
[index.html]
[wapi.piaproxy.com/static/index/img/favicon.png]
[wapi.piaproxy.com/static/index/css/fonts/poppins/poppins_font.css]
[wapi.piaproxy.com/static/index/css/fonts/font.css]
[wapi.piaproxy.com/static/index/css/common.css]
[wapi.piaproxy.com/static/index/css/index.css]
[wapi.piaproxy.com/static/index/css/ipchangeranimation7e0c.css]
[wapi.piaproxy.com/static/index/css/responsive.css]
[wapi.piaproxy.com/static/index/css/special.css]
[wapi.piaproxy.com/static/index/js/jquery.min.js]
[wapi.piaproxy.com/static/plugin/layer/2.1/layer.js]
[wapi.piaproxy.com/static/js/common.js]
[wapi.piaproxy.com/static/index/js/common.js]
[in.getclicky.com/101377666ns.gif]
[static.getclicky.com/101377666.js]
[wapi.piaproxy.com/static/vue/vuedev.js]
[wapi.piaproxy.com/static/index/img/index/activity/pric.png]
[www.piaproxy.com/windows/index.html]
[www.piaproxy.com/macos/index.html]
[www.piaproxy.com/developerapi/index.html]
[www.piaproxy.com/servers/index.html]
[wapi.piaproxy.com/static/index/img/header/Frame 1000006410.png]
[www.piaproxy.com/usecases/index.html]
[www.piaproxy.com/api-proxy/index.html]
[wapi.piaproxy.com/static/index/img/header/reference.png]
[www.piaproxy.com/ad-verification/index.html]
[wapi.piaproxy.com/static/index/img/header/Frame.png]
[wapi.piaproxy.com/static/index/img/header/Frame 1000006410(1).png]
[www.piaproxy.com/market-research/index.html]
[wapi.piaproxy.com/static/index/img/header/Frame(1).png]
[www.piaproxy.com/affiliate-test/index.html]
[wapi.piaproxy.com/static/index/img/header/Frame(2).png]
[www.piaproxy.com/social-media-marketing/index.html]
[www.piaproxy.com/help/index.html]
[www.piaproxy.com/FAQ/index.html]
[www.piaproxy.com/helpguide/index.html]
[www.piaproxy.com/helpvideo/index.html]
[wapi.piaproxy.com/static/index/img/header/Frame_2.png]
[www.piaproxy.com/helpguide/index91bf.html]
[www.piaproxy.com/refer-friend/index.html]
[wapi.piaproxy.com/static/index/img/header/header_refer.png]
[wapi.piaproxy.com/static/index/img/header/header.png]
[wapi.piaproxy.com/static/index/img/header/loading.gif]
[wapi.piaproxy.com/static/index/img/pay/paytype_virtual1.png]
[wapi.piaproxy.com/static/index/img/pay/paytype_virtual10.png]
[www.piaproxy.com/piaproxy/index.html]
[www.piaproxy.com/app/index.html]
[www.piaproxy.com/android/index.html]
[www.piaproxy.com/ios/index.html]
[www.piaproxy.com/wind/index.html]
[www.piaproxy.com/registration/index.html]
[www.piaproxy.com/privacy/index.html]
[www.piaproxy.com/refund_policy/index.html]
[www.piaproxy.com/logupdate/index.html]
[www.piaproxy.com/index.html]
[wapi.piaproxy.com/static/index/js/paylist.js]
[wapi.piaproxy.com/static/index/css/fonts/poppins/pxiByp8kv8JHgFVrLDz8Z11lFc-K.woff2]
[wapi.piaproxy.com/static/index/css/fonts/poppins/pxiByp8kv8JHgFVrLDz8Z1JlFc-K.woff2]
[wapi.piaproxy.com/static/index/css/fonts/poppins/pxiByp8kv8JHgFVrLDz8Z1xlFQ.woff2]
[wapi.piaproxy.com/static/index/css/fonts/poppins/pxiEyp8kv8JHgFVrJJbecmNE.woff2]
[wapi.piaproxy.com/static/index/css/fonts/poppins/pxiEyp8kv8JHgFVrJJnecmNE.woff2]
[wapi.piaproxy.com/static/index/css/fonts/poppins/pxiEyp8kv8JHgFVrJJfecg.woff2]
[wapi.piaproxy.com/static/index/css/fonts/poppins/pxiByp8kv8JHgFVrLGT9Z11lFc-K.woff2]
[wapi.piaproxy.com/static/index/css/fonts/poppins/pxiByp8kv8JHgFVrLGT9Z1JlFc-K.woff2]
[wapi.piaproxy.com/static/index/css/fonts/poppins/pxiByp8kv8JHgFVrLGT9Z1xlFQ.woff2]
[wapi.piaproxy.com/static/index/css/fonts/poppins/pxiByp8kv8JHgFVrLEj6Z11lFc-K.woff2]
[wapi.piaproxy.com/static/index/css/fonts/poppins/pxiByp8kv8JHgFVrLEj6Z1JlFc-K.woff2]
[wapi.piaproxy.com/static/index/css/fonts/poppins/pxiByp8kv8JHgFVrLEj6Z1xlFQ.woff2]
[wapi.piaproxy.com/static/index/css/fonts/poppins/pxiByp8kv8JHgFVrLCz7Z11lFc-K.woff2]
[wapi.piaproxy.com/static/index/css/fonts/poppins/pxiByp8kv8JHgFVrLCz7Z1JlFc-K.woff2]
[wapi.piaproxy.com/static/index/css/fonts/poppins/pxiByp8kv8JHgFVrLCz7Z1xlFQ.woff2]
[wapi.piaproxy.com/static/index/css/fonts/poppins/poppins_font.css]
[wapi.piaproxy.com/static/index/css/fonts/Ubuntu-B.ttf]
[wapi.piaproxy.com/static/index/css/fonts/Ubuntu-R.ttf]
[wapi.piaproxy.com/static/index/css/fonts/Ubuntu-M.ttf]
[wapi.piaproxy.com/static/index/css/fonts/Ubuntu-L.ttf]
[wapi.piaproxy.com/static/index/css/fonts/OpenSans-Light.ttf]
[wapi.piaproxy.com/static/index/css/fonts/OpenSans-Regular.ttf]
[wapi.piaproxy.com/static/index/css/fonts/OpenSans-SemiBold.ttf]
[wapi.piaproxy.com/static/index/css/fonts/OpenSans-ExtraBold.ttf]
[wapi.piaproxy.com/static/index/css/fonts/OpenSans-ExtraBoldItalic.ttf]
[wapi.piaproxy.com/static/index/css/fonts/font.css]
[wapi.piaproxy.com/static/index/img/index/activity/h_gui.png]
[wapi.piaproxy.com/static/index/img/index/activity/h_jb.png]
[wapi.piaproxy.com/static/index/img/index/activity/pay_img1.png]
[wapi.piaproxy.com/static/index/img/index/activity/pay_img2.png]
[wapi.piaproxy.com/static/index/css/common.css]
[wapi.piaproxy.com/static/index/img/index/morethen.png]
[wapi.piaproxy.com/static/index/img/index/icon_rjiantou.png]
[wapi.piaproxy.com/static/index/img/collection/icon_click.png]
[wapi.piaproxy.com/static/index/img/index/activity/pop_h_bg.png]
[wapi.piaproxy.com/static/index/img/index/activity/leftpop_bg.png]
[wapi.piaproxy.com/static/index/img/index/jb1.png]
[wapi.piaproxy.com/static/index/img/index/activity/pay/ico_paylistsave1.png]
[wapi.piaproxy.com/static/index/img/index/activity/pay/jiaobiao2_flow.png]
[wapi.piaproxy.com/static/index/img/index/activity/pay/bat.png]
[wapi.piaproxy.com/static/index/css/index.css]
[wapi.piaproxy.com/static/index/css/ipchangeranimation7e0c.css]
[wapi.piaproxy.com/static/index/img/index/morethen_wap.png]
[wapi.piaproxy.com/static/index/css/responsive.css]
[wapi.piaproxy.com/static/index/css/special.css]
[www.googletagmanager.com/gtm5445.html]
[www.piaproxy.com/windows/index.html]
[www.piaproxy.com/macos/index.html]
[www.piaproxy.com/country/index.html]
[www.piaproxy.com/developerapi/index.html]
[www.piaproxy.com/servers/index.html]
[www.piaproxy.com/registration_pia/index.html]
[wapi.piaproxy.com/static/index/img/special/cases/banner.png]
[www.piaproxy.com/privacy_pia/index.html]
[wapi.piaproxy.com/static/index/img/special/cases/how1.png]
[www.piaproxy.com/usecases/index.html]
[www.piaproxy.com/api-proxy/index.html]
[www.piaproxy.com/ad-verification/index.html]
[www.piaproxy.com/market-research/index.html]
[www.piaproxy.com/affiliate-test/index.html]
[www.piaproxy.com/social-media-marketing/index.html]
[wapi.piaproxy.com/static/apipage/css/apipage.css]
[wapi.piaproxy.com/static/newhelp/css/newhelp.css]
[wapi.piaproxy.com/static/index/css/swiper-bundle.min.css]
[wapi.piaproxy.com/static/index/js/swiper-bundle.min.js]
[www.piaproxy.com/FAQ/index71cf.html]
[www.piaproxy.com/FAQ/indexfc67.html]
[www.piaproxy.com/FAQ/index9103.html]
[www.piaproxy.com/FAQ/index8868.html]
[www.piaproxy.com/FAQ/index12eb.html]
[www.piaproxy.com/FAQ/index78b9.html]
[www.piaproxy.com/FAQ/index7c4d.html]
[www.piaproxy.com/FAQ/index12a7.html]
[www.piaproxy.com/FAQ/index0ff3.html]
[www.piaproxy.com/helpguide/index1f88.html]
[www.piaproxy.com/helpguide/indexadf5.html]
[www.piaproxy.com/helpguide/index6038.html]
[www.piaproxy.com/helpguide/indexe93c.html]
[www.piaproxy.com/helpguide/index0f9d.html]
[www.piaproxy.com/helpguide/indexbf72.html]
[www.piaproxy.com/help/index.html]
[wapi.piaproxy.com/static/index/js/down.js]
[www.piaproxy.com/helpguide/index0954.html]
[www.piaproxy.com/helpguide/indexc436.html]
[wapi.piaproxy.com/static/newhelpcommon/css/newhelpcommon.css]
[www.piaproxy.com/helpsite/index.html]
[wapi.piaproxy.com/static/newhelpguide/img/iiu1.png]
[www.piaproxy.com/helpguide/index484c.html]
[wapi.piaproxy.com/static/newhelpguide/img/iiu2.png]
[wapi.piaproxy.com/static/newhelpguide/img/iiu3.png]
[wapi.piaproxy.com/static/newhelpguide/img/iiu4.png]
[wapi.piaproxy.com/static/newhelpguide/img/iiu5.png]
[wapi.piaproxy.com/static/newhelpguide/img/iiu6.png]
[www.piaproxy.com/FAQ/index.html]
[wapi.piaproxy.com/static/newhelpguide/css/newhelpguide.css]
[wapi.piaproxy.com/static/newhelpguide/img/mh1.png]
[wapi.piaproxy.com/static/newhelpguide/img/mh2.png]
[wapi.piaproxy.com/static/newhelpguide/img/mh3.png]
[wapi.piaproxy.com/static/newhelpguide/img/mh4.png]
[wapi.piaproxy.com/static/newhelpguide/img/mh5.png]
[wapi.piaproxy.com/static/newhelpguide/img/mht1.png]
[www.piaproxy.com/helpguide/index582c.html]
[www.piaproxy.com/helpguide/index5708.html]
[wapi.piaproxy.com/static/newhelpguide/img/mth2.png]
[www.piaproxy.com/helpguide/index2ba1.html]
[www.piaproxy.com/helpguide/index3695.html]
[www.piaproxy.com/helpguide/index6d24.html]
[wapi.piaproxy.com/static/newhelpguide/img/Postern@2x.png]
[www.piaproxy.com/helpguide/index411e.html]
[wapi.piaproxy.com/static/newhelpguide/img/a1.png]
[wapi.piaproxy.com/static/newhelpguide/img/a2.png]
[wapi.piaproxy.com/static/newhelpguide/img/aa1.png]
[wapi.piaproxy.com/static/newhelpguide/img/proxifire@2x.png]
[wapi.piaproxy.com/static/newhelpguide/img/a4.png]
[wapi.piaproxy.com/static/newhelpguide/img/a5.png]
[wapi.piaproxy.com/static/newhelpguide/img/a6.png]
[wapi.piaproxy.com/static/newhelpguide/img/shadow@2x.png]
[wapi.piaproxy.com/static/newhelpguide/img/a7.png]
[wapi.piaproxy.com/static/newhelpguide/img/a8.png]
[wapi.piaproxy.com/static/newhelpguide/img/a9.png]
[wapi.piaproxy.com/static/newhelpguide/img/v2rayng@2x.png]
[wapi.piaproxy.com/static/newhelpguide/img/a10.png]
[wapi.piaproxy.com/static/newhelpguide/img/a11.png]
[wapi.piaproxy.com/static/newhelpguide/img/a12.png]
[wapi.piaproxy.com/static/newhelpguide/img/a13.png]
[wapi.piaproxy.com/static/newhelpguide/img/a14.png]
[wapi.piaproxy.com/static/newhelpguide/img/firefox@2x.png]
[wapi.piaproxy.com/static/newhelpguide/img/myy1.png]
[wapi.piaproxy.com/static/newhelpguide/img/myy2.png]
[wapi.piaproxy.com/static/newhelpguide/img/myy3.png]
[wapi.piaproxy.com/static/newhelpguide/img/myy4.png]
[wapi.piaproxy.com/static/newhelpguide/img/myy5.png]
[wapi.piaproxy.com/static/newhelpguide/img/edge1.png]
[wapi.piaproxy.com/static/newhelpguide/img/edge2.png]
[wapi.piaproxy.com/static/newhelpguide/img/edge3.png]
[wapi.piaproxy.com/static/newhelpguide/img/edge4.png]
[wapi.piaproxy.com/static/newhelpguide/img/google@2x.png]
[wapi.piaproxy.com/static/newhelpguide/img/mcc1.png]
[wapi.piaproxy.com/static/newhelpguide/img/mcc2.png]
[wapi.piaproxy.com/static/newhelpguide/img/mcc3.png]
[wapi.piaproxy.com/static/newhelpguide/img/mcc4.png]
[wapi.piaproxy.com/static/newhelpguide/img/mcc5.png]
[wapi.piaproxy.com/static/newhelpguide/img/LDPlayer Andorid Emulator On PC 1@2x.png]
[wapi.piaproxy.com/static/newhelpguide/img/a20.png]
[wapi.piaproxy.com/static/newhelpguide/img/a21.png]
[wapi.piaproxy.com/static/newhelpguide/img/a22.png]
[wapi.piaproxy.com/static/newhelpguide/img/a23.png]
[wapi.piaproxy.com/static/newhelpguide/img/a24.png]
[wapi.piaproxy.com/static/newhelpguide/img/a25.png]
[wapi.piaproxy.com/static/newhelpguide/img/nox@2x.png]
[wapi.piaproxy.com/static/newhelpguide/img/bb1.png]
[wapi.piaproxy.com/static/newhelpguide/img/bb2.png]
[wapi.piaproxy.com/static/newhelpguide/img/bb3.png]
[wapi.piaproxy.com/static/newhelpguide/img/bb4.png]
[wapi.piaproxy.com/static/newhelpguide/img/bb5.png]
[wapi.piaproxy.com/static/newhelpguide/img/bb6.png]
[wapi.piaproxy.com/static/newhelpguide/img/ios@2x.png]
[wapi.piaproxy.com/static/newhelpguide/img/a26.png]
[wapi.piaproxy.com/static/newhelpguide/img/a27.png]
[wapi.piaproxy.com/static/newhelpguide/img/a28.png]
[wapi.piaproxy.com/static/newhelpguide/img/mac@2x.png]
[wapi.piaproxy.com/static/newhelpguide/img/a29.png]
[wapi.piaproxy.com/static/newhelpguide/img/a30.png]
[wapi.piaproxy.com/static/newhelpguide/img/a31.png]
[wapi.piaproxy.com/static/newhelpguide/img/a33.png]
[wapi.piaproxy.com/static/newhelpguide/img/a32.png]
[wapi.piaproxy.com/static/newhelpguide/img/a34.png]
[wapi.piaproxy.com/static/newhelpguide/img/windows@2x.png]
[wapi.piaproxy.com/static/newhelpguide/img/a35.png]
[wapi.piaproxy.com/static/newhelpguide/img/a36.png]
[wapi.piaproxy.com/static/newhelpguide/img/android@2x.png]
[wapi.piaproxy.com/static/newhelpguide/img/a37.png]
[wapi.piaproxy.com/static/newhelpguide/img/a38.png]
[wapi.piaproxy.com/static/newhelpguide/img/ads@2x.png]
[wapi.piaproxy.com/static/newhelpguide/img/a39.png]
[wapi.piaproxy.com/static/newhelpguide/img/a41.png]
[wapi.piaproxy.com/static/newhelpguide/img/a40.png]
[wapi.piaproxy.com/static/newhelpguide/img/bitbrowser@2x.png]
[wapi.piaproxy.com/static/newhelpguide/img/Hubstudio 1@2x.png]
[wapi.piaproxy.com/static/newhelpguide/img/mbb@2x.png]
[wapi.piaproxy.com/static/newhelpguide/img/a42.png]
[wapi.piaproxy.com/static/newhelpguide/img/vmlogin@2x.png]
[wapi.piaproxy.com/static/newhelpguide/img/loo1.png]
[wapi.piaproxy.com/static/newhelpguide/img/loo2.png]
[wapi.piaproxy.com/static/newhelpguide/img/vmmask@2x.png]
[wapi.piaproxy.com/static/newhelpguide/img/a44.png]
[wapi.piaproxy.com/static/newhelpguide/img/guide1.png]
[wapi.piaproxy.com/static/newhelpguide/img/guide2.png]
[wapi.piaproxy.com/static/newhelpguide/img/programproxysettings1.png]
[wapi.piaproxy.com/static/newhelpguide/img/programproxysettings2.png]
[wapi.piaproxy.com/static/newhelpguide/img/programproxysettings3.png]
[wapi.piaproxy.com/static/newhelpguide/img/programproxysettings4.png]
[wapi.piaproxy.com/static/newhelpguide/img/programproxysettings5.png]
[wapi.piaproxy.com/static/newhelpguide/img/maskfog.png]
[wapi.piaproxy.com/static/newhelpguide/img/MASKFOG1.png]
[wapi.piaproxy.com/static/newhelpguide/img/MASKFOG2.png]
[wapi.piaproxy.com/static/newhelpguide/img/MASKFOG3.png]
[wapi.piaproxy.com/static/newhelpguide/img/MASKFOG4.png]
[wapi.piaproxy.com/static/newhelpguide/img/MASKFOG5.png]
[wapi.piaproxy.com/static/newhelpguide/img/Mulogin1.png]
[wapi.piaproxy.com/static/newhelpguide/img/Mulogin2.png]
[wapi.piaproxy.com/static/newhelpguide/img/Mulogin3.png]
[wapi.piaproxy.com/static/newhelpguide/img/Mulogin4.png]
[wapi.piaproxy.com/static/newhelpguide/img/LALICAT.png]
[wapi.piaproxy.com/static/newhelpguide/img/mhie1.png]
[wapi.piaproxy.com/static/newhelpguide/img/mhie2.png]
[wapi.piaproxy.com/static/newhelpguide/img/mhie3.png]
[wapi.piaproxy.com/static/newhelpguide/img/mhie4.png]
[wapi.piaproxy.com/static/newhelpguide/img/mhie5.png]
[wapi.piaproxy.com/static/newhelpguide/img/min1.png]
[wapi.piaproxy.com/static/newhelpguide/img/min2.png]
[wapi.piaproxy.com/static/newhelpguide/img/min3.png]
[wapi.piaproxy.com/static/newhelpguide/img/min4.png]
[wapi.piaproxy.com/static/newhelpguide/img/waterfox1.png]
[wapi.piaproxy.com/static/newhelpguide/img/waterfox2.png]
[wapi.piaproxy.com/static/newhelpguide/img/waterfox3.png]
[wapi.piaproxy.com/static/newhelpguide/img/waterfox4.png]
[wapi.piaproxy.com/static/newhelpguide/img/vivaldi1.png]
[wapi.piaproxy.com/static/newhelpguide/img/vivaldi2.png]
[wapi.piaproxy.com/static/newhelpguide/img/vivaldi3.png]
[wapi.piaproxy.com/static/newhelpguide/img/vivaldi4.png]
[wapi.piaproxy.com/static/newhelpguide/img/mgr1.png]
[wapi.piaproxy.com/static/newhelpguide/img/mgr2.png]
[wapi.piaproxy.com/static/newhelpguide/img/mgr3.png]
[wapi.piaproxy.com/static/newhelpguide/img/mgr4.png]
[wapi.piaproxy.com/static/newhelpguide/img/mgr5.png]
[wapi.piaproxy.com/static/newhelpguide/img/mgr6.png]
[wapi.piaproxy.com/static/newhelpguide/img/gologin1.png]
[wapi.piaproxy.com/static/newhelpguide/img/gologin2.png]
[wapi.piaproxy.com/static/newhelpguide/img/gologin3.png]
[wapi.piaproxy.com/static/newhelpguide/img/gologin4.png]
[wapi.piaproxy.com/static/newhelpguide/img/gologin5.png]
[wapi.piaproxy.com/static/newhelpguide/img/ghost1.png]
[wapi.piaproxy.com/static/newhelpguide/img/ghost2.png]
[wapi.piaproxy.com/static/newhelpguide/img/ghost3.png]
[wapi.piaproxy.com/static/newhelpguide/img/ghost4.png]
[wapi.piaproxy.com/static/newhelpguide/img/ghost5.png]
[wapi.piaproxy.com/static/newhelpguide/img/incogniton1.png]
[wapi.piaproxy.com/static/newhelpguide/img/incogniton2.png]
[wapi.piaproxy.com/static/newhelpguide/img/incogniton3.png]
[wapi.piaproxy.com/static/newhelpguide/img/incogniton4.png]
[wapi.piaproxy.com/static/newhelpguide/img/incogniton5.png]
[wapi.piaproxy.com/static/newhelpguide/img/sphere1.png]
[wapi.piaproxy.com/static/newhelpguide/img/sphere2.png]
[wapi.piaproxy.com/static/newhelpguide/img/sphere3.png]
[wapi.piaproxy.com/static/newhelpguide/img/sphere4.png]
[wapi.piaproxy.com/static/newhelpguide/img/undetectable1.png]
[wapi.piaproxy.com/static/newhelpguide/img/undetectable2.png]
[wapi.piaproxy.com/static/newhelpguide/img/undetectable3.png]
[wapi.piaproxy.com/static/newhelpguide/img/undetectable4.png]
[wapi.piaproxy.com/static/newhelpguide/img/undetectable5.png]
[wapi.piaproxy.com/static/newhelpguide/img/undetectable6.png]
[wapi.piaproxy.com/static/newhelpguide/img/undetectable7.png]
[wapi.piaproxy.com/static/newhelpguide/img/undetectable8.png]
[wapi.piaproxy.com/static/newhelpguide/img/clonbrowser1.png]
[wapi.piaproxy.com/static/newhelpguide/img/clonbrowser2.png]
[wapi.piaproxy.com/static/newhelpguide/img/clonbrowser3.png]
[wapi.piaproxy.com/static/newhelpguide/img/clonbrowser4.png]
[wapi.piaproxy.com/static/newhelpguide/img/clonbrowser5.png]
[wapi.piaproxy.com/static/newhelpguide/img/clonbrowser6.png]
[wapi.piaproxy.com/static/newhelpguide/img/clonbrowser7.png]
[wapi.piaproxy.com/static/newhelpguide/img/starttor1.png]
[wapi.piaproxy.com/static/newhelpguide/img/starttor2.png]
[wapi.piaproxy.com/static/newhelpguide/img/starttor3.png]
[wapi.piaproxy.com/static/newhelpguide/img/starttor4.png]
[wapi.piaproxy.com/static/newhelpguide/img/starttor5.png]
[wapi.piaproxy.com/static/newhelpguide/img/starttor6.png]
[wapi.piaproxy.com/static/newhelpguide/img/macos1.png]
[wapi.piaproxy.com/static/newhelpguide/img/macos2.png]
[wapi.piaproxy.com/static/newhelpguide/img/macos3.png]
[wapi.piaproxy.com/static/newhelpguide/img/macos4.png]
[wapi.piaproxy.com/static/newhelpguide/img/macos5.png]
[wapi.piaproxy.com/static/newhelpguide/img/macos6.png]
[wapi.piaproxy.com/static/newhelpguide/img/macos7.png]
[wapi.piaproxy.com/static/newhelpguide/img/macos8.png]
[wapi.piaproxy.com/static/newhelpguide/img/macos9.png]
[wapi.piaproxy.com/static/newhelpguide/img/macos10.png]
[www.piaproxy.com/helpguide/index.html]
[www.piaproxy.com/helpvideo/index.html]
[www.piaproxy.com/helpguide/index91bf.html]
[www.piaproxy.com/refer-friend/index.html]
[wapi.piaproxy.com/static/newhelpvideo/css/newhelpvideo.css]
[www.piaproxy.com/kr/index.html]
[www.piaproxy.com/vn/index.html]
[www.piaproxy.com/id/index.html]
[www.piaproxy.com/ru/index.html]
[www.piaproxy.com/in/index.html]
[www.piaproxy.com/bd/index.html]
[wapi.piaproxy.com/static/index/css/animate.min.css]
[wapi.piaproxy.com/static/index/css/odometer-theme-car.css]
[wapi.piaproxy.com/static/index/img/header/loading_pia.gif]
[wapi.piaproxy.com/static/index/js/odometer.js]
[www.piaproxy.com/piaproxy/index.html]
[wapi.piaproxy.com/static/index/js/index.js]
[www.piaproxy.com/app/index.html]
[wapi.piaproxy.com/static/appv2/css/appv2.css]
[www.piaproxy.com/android/index.html]
[wapi.piaproxy.com/static/androidv2/css/androidv2.css]
[www.piaproxy.com/ios/index.html]
[wapi.piaproxy.com/static/ios/css/ios.css]
[www.piaproxy.com/wind/index.html]
[www.piaproxy.com/registration/index.html]
[www.piaproxy.com/privacy/index.html]
[www.piaproxy.com/refund_policy/index.html]
[wapi.piaproxy.com/static/windv2/css/windv2.css]
[www.piaproxy.com/logupdate/index.html]
[wapi.piaproxy.com/static/log/css/log.css]
[wapi.piaproxy.com/static/index/img/index/jb1.html]
[wapi.piaproxy.com/static/element-ui/css/index.css]
[wapi.piaproxy.com/static/vue/vue.js]
[wapi.piaproxy.com/static/vue/vue-table2excel.js]
[www.piaproxy.com/country/index.html]
[www.piaproxy.com/registration_pia/index.html]
[www.piaproxy.com/privacy_pia/index.html]
[wapi.piaproxy.com/static/apipage/css/apipage.css]
[wapi.piaproxy.com/static/newhelp/css/newhelp.css]
[wapi.piaproxy.com/static/index/css/swiper-bundle.min.css]
[www.piaproxy.com/FAQ/index71cf.html]
[www.piaproxy.com/FAQ/indexfc67.html]
[www.piaproxy.com/FAQ/index9103.html]
[www.piaproxy.com/FAQ/index8868.html]
[www.piaproxy.com/FAQ/index12eb.html]
[www.piaproxy.com/FAQ/index78b9.html]
[www.piaproxy.com/FAQ/index7c4d.html]
[www.piaproxy.com/FAQ/index12a7.html]
[www.piaproxy.com/FAQ/index0ff3.html]
[www.piaproxy.com/helpguide/index1f88.html]
[www.piaproxy.com/helpguide/indexadf5.html]
[www.piaproxy.com/helpguide/index6038.html]
[www.piaproxy.com/helpguide/indexe93c.html]
[www.piaproxy.com/helpguide/index0f9d.html]
[www.piaproxy.com/helpguide/indexbf72.html]
[www.piaproxy.com/helpguide/indexc436.html]
[wapi.piaproxy.com/static/index/js/country.js]
[www.piaproxy.com/helpguide/index0954.html]
[wapi.piaproxy.com/static/newhelpcommon/css/newhelpcommon.css]
[wapi.piaproxy.com/static/element-ui/index.js]
[wapi.piaproxy.com/static/newhelpsite/css/newhelpsite.css]
[wapi.piaproxy.com/static/newhelpsite/img/imm1.png]
[wapi.piaproxy.com/static/newhelpsite/img/imm2.png]
[wapi.piaproxy.com/static/newhelpsite/img/imm3.png]
[www.piaproxy.com/helpsite/index.html]
[www.piaproxy.com/helpguide/index484c.html]
[wapi.piaproxy.com/static/newhelpguide/css/newhelpguide.css]
[www.piaproxy.com/helpguide/index582c.html]
[www.piaproxy.com/helpguide/index5708.html]
[www.piaproxy.com/helpguide/index2ba1.html]
[www.piaproxy.com/helpguide/index3695.html]
[www.piaproxy.com/helpguide/index6d24.html]
[www.piaproxy.com/helpguide/index411e.html]
[wapi.piaproxy.com/static/newhelpvideo/css/newhelpvideo.css]
[wapi.piaproxy.com/static/react/react.development.js]
[wapi.piaproxy.com/static/react/react-dom.development.js]
[wapi.piaproxy.com/static/react/babel.min.js]
[chat.roxlabs.io/static/js/roxchat-front.js]
[www.piaproxy.com/plugin/index.html]
[www.piaproxy.com/kr/index.html]
[www.piaproxy.com/vn/index.html]
[www.piaproxy.com/id/index.html]
[www.piaproxy.com/ru/index.html]
[www.piaproxy.com/in/index.html]
[www.piaproxy.com/bd/index.html]
[wapi.piaproxy.com/static/index/css/animate.min.css]
[wapi.piaproxy.com/static/index/css/odometer-theme-car.css]
[www.piaproxy.com/pptp/index.html]
[wapi.piaproxy.com/static/appv2/img/index/morethen.png]
[wapi.piaproxy.com/static/appv2/img/index/icon_rjiantou.png]
[wapi.piaproxy.com/static/appv2/img/collection/icon_click.png]
[wapi.piaproxy.com/static/appv2/css/appv2.css]
[wapi.piaproxy.com/static/androidv2/img/index/morethen.png]
[wapi.piaproxy.com/static/androidv2/img/index/icon_rjiantou.png]
[wapi.piaproxy.com/static/androidv2/css/androidv2.css]
[wapi.piaproxy.com/static/ios/img/index/morethen.png]
[wapi.piaproxy.com/static/ios/img/index/icon_rjiantou.png]
[wapi.piaproxy.com/static/ios/img/collection/icon_click.png]
[wapi.piaproxy.com/static/ios/css/ios.css]
[wapi.piaproxy.com/static/windv2/img/index/morethen.png]
[wapi.piaproxy.com/static/windv2/img/index/icon_rjiantou.png]
[wapi.piaproxy.com/static/windv2/css/windv2.css]
[wapi.piaproxy.com/static/log/css/log.css]
[wapi.piaproxy.com/static/element-ui/css/fonts/element-icons.woff]
[wapi.piaproxy.com/static/element-ui/css/fonts/element-icons.ttf]
[wapi.piaproxy.com/static/element-ui/css/index.css]
[wapi.piaproxy.com/static/newhelpsite/css/newhelpsite.css]
[wapi.piaproxy.com/static/pluginhtml/css/plugin.css]
[www.piaproxy.com/service-updates/59.html]
[wapi.piaproxy.com/static/pluginhtml/img/cfffs.png]
[www.piaproxy.com/plugin/index.html]
[wapi.piaproxy.com/static/index/js/jquery.table2excel.min.js]
[wapi.piaproxy.com/static/plugin/laypage/laypage.js]
[www.piaproxy.com/pptp/index.html]
[wapi.piaproxy.com/static/appv2/img/index/morethen.html]
[wapi.piaproxy.com/static/appv2/img/index/icon_rjiantou.html]
[wapi.piaproxy.com/static/appv2/img/collection/icon_click.html]
[wapi.piaproxy.com/static/androidv2/img/index/morethen.html]
[wapi.piaproxy.com/static/androidv2/img/index/icon_rjiantou.html]
[wapi.piaproxy.com/static/ios/img/index/morethen.html]
[wapi.piaproxy.com/static/ios/img/index/icon_rjiantou.html]
[wapi.piaproxy.com/static/ios/img/collection/icon_click.html]
[wapi.piaproxy.com/static/windv2/img/index/morethen.html]
[wapi.piaproxy.com/static/windv2/img/index/icon_rjiantou.html]
[wapi.piaproxy.com/static/index/js/line.js]
[wapi.piaproxy.com/static/pluginhtml/img/index/morethen.png]
[wapi.piaproxy.com/static/pluginhtml/img/index/icon_rjiantou.png]
[wapi.piaproxy.com/static/pluginhtml/img/collection/icon_click.png]
[wapi.piaproxy.com/static/pluginhtml/css/plugin.css]
[wapi.piaproxy.com/static/index/css/prismjs.bundle.css]
[wapi.piaproxy.com/static/index/css/plugins.bundle.css]
[wapi.piaproxy.com/static/index/css/style.bundle.css]
[wapi.piaproxy.com/static/index/css/blog.css]
[www.piaproxy.com/blog/index.html]
[wapi.piaproxy.com/static/index/img/blog/20.png]
[www.piaproxy.com/business/index.html]
[www.piaproxy.com/service-updates/index.html]
[www.piaproxy.com/quick/index.html]
[www.piaproxy.com/latest/index.html]
[www.piaproxy.com/faq/index-2.html]
[www.piaproxy.com/how-to/index.html]
[www.piaproxy.com/internet-security/index.html]
[ferrari-img.oss-cn-hongkong.aliyuncs.com/web/20220713/1657699969754980.png]
[ferrari-img.oss-cn-hongkong.aliyuncs.com/web/20220713/1657699990402453.png]
[ferrari-img.oss-cn-hongkong.aliyuncs.com/web/20220713/1657700025638444.png]
[ferrari-img.oss-cn-hongkong.aliyuncs.com/web/20220713/1657700046569040.png]
[ferrari-img.oss-cn-hongkong.aliyuncs.com/web/20220713/1657700055890341.png]
[ferrari-img.oss-cn-hongkong.aliyuncs.com/web/20220713/1657700064588960.png]
[ferrari-img.oss-cn-hongkong.aliyuncs.com/web/20220713/1657700094909037.png]
[ferrari-img.oss-cn-hongkong.aliyuncs.com/web/20220713/1657700103923577.png]
[ferrari-img.oss-cn-hongkong.aliyuncs.com/web/20220713/1657700138216632.png]
[www.piaproxy.com/service-updates/28.html]
[wapi.piaproxy.com/static/index/img/blog/p17.png]
[wapi.piaproxy.com/static/index/img/blog/p1.17f.delayed]
[www.piaproxy.com/service-updates/63.html]
[wapi.piaproxy.com/static/index/img/blog/p2.jpg]
[wapi.piaproxy.com/static/index/img/blog/p3.jpg]
[www.piaproxy.com/service-updates/27.html]
[www.piaproxy.com/service-updates/59.html]
[wapi.piaproxy.com/static/pluginhtml/img/index/morethen.html]
[wapi.piaproxy.com/static/pluginhtml/img/index/icon_rjiantou.html]
[wapi.piaproxy.com/static/pluginhtml/img/collection/icon_click.html]
[wapi.piaproxy.com/static/index/css/prismjs.bundle.css]
[wapi.piaproxy.com/static/index/js/blog.js]
[wapi.piaproxy.com/static/index/css/fonts/@fortawesome/fa-brands-400.185.delayed]
[wapi.piaproxy.com/static/index/css/fonts/@fortawesome/fa-brands-400d41d.eot]
[wapi.piaproxy.com/static/index/css/fonts/@fortawesome/fa-brands-400.woff2]
[wapi.piaproxy.com/static/index/css/fonts/@fortawesome/fa-brands-400.woff]
[wapi.piaproxy.com/static/index/css/fonts/@fortawesome/fa-brands-400.ttf]
[wapi.piaproxy.com/static/index/css/fonts/@fortawesome/fa-brands-400.svg]
[wapi.piaproxy.com/static/index/css/fonts/@fortawesome/fa-regular-400.eot]
[wapi.piaproxy.com/static/index/css/fonts/@fortawesome/fa-regular-400d41d.eot]
[wapi.piaproxy.com/static/index/css/fonts/@fortawesome/fa-regular-400.woff2]
[wapi.piaproxy.com/static/index/css/fonts/@fortawesome/fa-regular-400.woff]
[wapi.piaproxy.com/static/index/css/fonts/@fortawesome/fa-regular-400.ttf]
[wapi.piaproxy.com/static/index/css/fonts/@fortawesome/fa-regular-400.svg]
[wapi.piaproxy.com/static/index/css/fonts/@fortawesome/fa-solid-900.eot]
[wapi.piaproxy.com/static/index/css/fonts/@fortawesome/fa-solid-900d41d.eot]
[wapi.piaproxy.com/static/index/css/fonts/@fortawesome/fa-solid-900.woff2]
[wapi.piaproxy.com/static/index/css/fonts/@fortawesome/fa-solid-900.woff]
[wapi.piaproxy.com/static/index/css/fonts/@fortawesome/fa-solid-900.ttf]
[wapi.piaproxy.com/static/index/css/fonts/@fortawesome/fa-solid-900.svg]
[wapi.piaproxy.com/static/index/css/plugins.bundle.css]
[wapi.piaproxy.com/static/index/css/style.bundle.css]
[wapi.piaproxy.com/static/index/css/blog.css]
[wapi.piaproxy.com/static/index/img/blog/1.png]
[www.piaproxy.com/quick/103.html]
[www.piaproxy.com/quick/102.html]
[www.piaproxy.com/quick/100.html]
[www.piaproxy.com/quick/93.html]
[www.piaproxy.com/how-to/107.html]
[wapi.piaproxy.com/static/index/img/blog/p1.png]
[www.piaproxy.com/how-to/98.html]
[wapi.piaproxy.com/static/index/img/blog/p2.png]
[www.piaproxy.com/how-to/85.html]
[wapi.piaproxy.com/static/index/img/blog/p3.png]
[www.piaproxy.com/latest/101.html]
[wapi.piaproxy.com/static/index/img/blog/p4.png]
[www.piaproxy.com/latest/95.html]
[wapi.piaproxy.com/static/index/img/blog/p5.png]
[www.piaproxy.com/latest/88.html]
[wapi.piaproxy.com/static/index/img/blog/p6.png]
[wapi.piaproxy.com/static/index/img/blog/p7.png]
[wapi.piaproxy.com/static/index/img/blog/p8.png]
[wapi.piaproxy.com/static/index/img/blog/p9.png]
[www.piaproxy.com/internet-security/106.html]
[wapi.piaproxy.com/static/index/img/blog/p10.png]
[www.piaproxy.com/internet-security/105.html]
[wapi.piaproxy.com/static/index/img/blog/p11.png]
[www.piaproxy.com/internet-security/104.html]
[wapi.piaproxy.com/static/index/img/blog/p12.png]
[www.piaproxy.com/login]
[www.piaproxy.com/blog/index.html]
[wapi.piaproxy.com/static/index/css/business.css]
[www.piaproxy.com/business/index.html]
[www.piaproxy.com/service-updates/index.html]
[wapi.piaproxy.com/static/index/js/flowpay.js]
[www.piaproxy.com/quick/92.html]
[www.piaproxy.com/quick/90.html]
[www.piaproxy.com/quick/89.html]
[www.piaproxy.com/quick/87.html]
[www.piaproxy.com/quick/page2/index.html]
[www.piaproxy.com/quick/index.html]
[www.piaproxy.com/quick/page3/index.html]
[www.piaproxy.com/how-to/84.html]
[www.piaproxy.com/how-to/81.html]
[www.piaproxy.com/how-to/77.html]
[www.piaproxy.com/how-to/73.html]
[www.piaproxy.com/how-to/64.html]
[www.piaproxy.com/how-to/index.html]
[www.piaproxy.com/how-to/page2/index.html]
[www.piaproxy.com/latest/78.html]
[www.piaproxy.com/latest/76.html]
[www.piaproxy.com/latest/70.html]
[www.piaproxy.com/latest/69.html]
[www.piaproxy.com/latest/66.html]
[www.piaproxy.com/latest/index.html]
[www.piaproxy.com/latest/page2/index.html]
[wapi.piaproxy.com/static/index/js/tempjs/scripts.bundle.js]
[wapi.piaproxy.com/static/index/js/tempjs/plugins.bundle.js]
[ferrari-img.oss-cn-hongkong.aliyuncs.com/web/20220803/1659516945401754.jpg]
[ferrari-img.oss-cn-hongkong.aliyuncs.com/web/20220803/1659517021314452.jpg]
[ferrari-img.oss-cn-hongkong.aliyuncs.com/web/20220803/1659517045702839.jpg]
[ferrari-img.oss-cn-hongkong.aliyuncs.com/web/20220803/1659517107542156.jpg]
[ferrari-img.oss-cn-hongkong.aliyuncs.com/web/20220803/1659517124132455.jpg]
[ferrari-img.oss-cn-hongkong.aliyuncs.com/web/20220803/1659517156249631.jpg]
[ferrari-img.oss-cn-hongkong.aliyuncs.com/web/20220803/1659517176527316.jpg]
[ferrari-img.oss-cn-hongkong.aliyuncs.com/web/20220803/1659517231774708.jpg]
[ferrari-img.oss-cn-hongkong.aliyuncs.com/web/20220803/1659517257561798.jpg]
[ferrari-img.oss-cn-hongkong.aliyuncs.com/web/20220803/1659517284219409.jpg]
[www.piaproxy.com/faq/index-2.html]
[www.piaproxy.com/internet-security/97.html]
[www.piaproxy.com/internet-security/96.html]
[www.piaproxy.com/internet-security/94.html]
[www.piaproxy.com/internet-security/91.html]
[www.piaproxy.com/internet-security/82.html]
[www.piaproxy.com/internet-security/page2/index.html]
[www.piaproxy.com/internet-security/index.html]
[www.piaproxy.com/service-updates/28.html]
[wapi.piaproxy.com/static/index/img/blog/p1.html]
[www.piaproxy.com/service-updates/63.html]
[wapi.piaproxy.com/static/index/img/blog/p2.html]
[wapi.piaproxy.com/static/index/img/blog/p3.html]
[www.piaproxy.com/service-updates/27.html]
[wapi.piaproxy.com/static/index/css/fonts/@fortawesome/fa-brands-400.html]
[wapi.piaproxy.com/static/index/css/fonts/@fortawesome/fa-brands-400d41d.html]
[wapi.piaproxy.com/static/index/css/fonts/@fortawesome/fa-brands-401.html]
[wapi.piaproxy.com/static/index/css/fonts/@fortawesome/fa-brands-402.html]
[wapi.piaproxy.com/static/index/css/fonts/@fortawesome/fa-brands-403.html]
[wapi.piaproxy.com/static/index/css/fonts/@fortawesome/fa-brands-404.html]
[wapi.piaproxy.com/static/index/css/fonts/@fortawesome/fa-regular-400.html]
[wapi.piaproxy.com/static/index/css/fonts/@fortawesome/fa-regular-400d41d.html]
[wapi.piaproxy.com/static/index/css/fonts/@fortawesome/fa-regular-401.html]
[wapi.piaproxy.com/static/index/css/fonts/@fortawesome/fa-regular-402.html]
[wapi.piaproxy.com/static/index/css/fonts/@fortawesome/fa-regular-403.html]
[wapi.piaproxy.com/static/index/css/fonts/@fortawesome/fa-regular-404.html]
[wapi.piaproxy.com/static/index/css/fonts/@fortawesome/fa-solid-900.html]
[wapi.piaproxy.com/static/index/css/fonts/@fortawesome/fa-solid-900d41d.html]
[wapi.piaproxy.com/static/index/css/fonts/@fortawesome/fa-solid-901.html]
[wapi.piaproxy.com/static/index/css/fonts/@fortawesome/fa-solid-902.html]
[wapi.piaproxy.com/static/index/css/fonts/@fortawesome/fa-solid-903.html]
[wapi.piaproxy.com/static/index/css/fonts/@fortawesome/fa-solid-904.html]
[www.piaproxy.com/internet-security/page3/index.html]
[ferrari-img.oss-cn-hongkong.aliyuncs.com/web/20220805/1659664505243337.jpg]
[ferrari-img.oss-cn-hongkong.aliyuncs.com/web/20220805/1659664814935791.png]
[www.piaproxy.com/quick/103.html]
[ferrari-img.oss-cn-hongkong.aliyuncs.com/web/20220805/1659664238408138.jpg]
[www.piaproxy.com/quick/102.html]
[ferrari-img.oss-cn-hongkong.aliyuncs.com/web/20220804/1659606052304448.png]
[www.piaproxy.com/quick/100.html]
[ferrari-img.oss-cn-hongkong.aliyuncs.com/web/20220802/1659427796935459.jpg]
[www.piaproxy.com/quick/93.html]
[ferrari-img.oss-cn-hongkong.aliyuncs.com/web/20220806/1659765287222749.png]
[www.piaproxy.com/how-to/107.html]
[ferrari-img.oss-cn-hongkong.aliyuncs.com/web/20220803/1659516412718116.png]
[ferrari-img.oss-cn-hongkong.aliyuncs.com/web/20220803/1659516593748260.jpg]
[www.piaproxy.com/how-to/98.html]
[ferrari-img.oss-cn-hongkong.aliyuncs.com/web/20220729/1659075439854263.png]
[www.piaproxy.com/how-to/85.html]
[ferrari-img.oss-cn-hongkong.aliyuncs.com/web/20220804/1659606270456356.png]
[www.piaproxy.com/latest/101.html]
[ferrari-img.oss-cn-hongkong.aliyuncs.com/web/20220802/1659430732472433.png]
[ferrari-img.oss-cn-hongkong.aliyuncs.com/web/20220802/1659430327872488.jpg]
[www.piaproxy.com/latest/95.html]
[ferrari-img.oss-cn-hongkong.aliyuncs.com/web/20220729/1659079493742751.png]
[www.piaproxy.com/latest/88.html]
[ferrari-img.oss-cn-hongkong.aliyuncs.com/web/20220806/1659764702142588.png]
[ferrari-img.oss-cn-hongkong.aliyuncs.com/web/20220806/1659764731170187.png]
[ferrari-img.oss-cn-hongkong.aliyuncs.com/web/20220806/1659764772166368.jpg]
[www.piaproxy.com/internet-security/106.html]
[infatica.io/blog/content/images/2020/06/paid-vs-free-proxies.png]
[www.piaproxy.com/internet-security/105.html]
[ferrari-img.oss-cn-hongkong.aliyuncs.com/web/20220806/1659755729342769.png]
[www.piaproxy.com/internet-security/104.html]
[www.piaproxy.com/login.html]
[wapi.piaproxy.com/static/index/css/business.css]
[ferrari-img.oss-cn-hongkong.aliyuncs.com/web/20220801/1659343984845754.png]
[ferrari-img.oss-cn-hongkong.aliyuncs.com/web/20220801/1659343808960367.png]
[www.piaproxy.com/quick/92.html]
[www.b2bnn.com/wp-content/uploads/2020/10/35C1FFC6-AF07-41D4-8A91-7F2B54D675E2.jpg]
[ferrari-img.oss-cn-hongkong.aliyuncs.com/web/20220801/1659337974744851.jpg]
[www.piaproxy.com/quick/90.html]
[ferrari-img.oss-cn-hongkong.aliyuncs.com/web/20220729/1659081230914364.png]
[ferrari-img.oss-cn-hongkong.aliyuncs.com/web/20220729/1659081354444738.jpg]
[www.piaproxy.com/quick/89.html]
[ferrari-img.oss-cn-hongkong.aliyuncs.com/web/20220729/1659078405865226.png]
[www.piaproxy.com/quick/87.html]
[www.piaproxy.com/quick/86.html]
[www.piaproxy.com/quick/83.html]
[www.piaproxy.com/quick/80.html]
[www.piaproxy.com/quick/75.html]
[www.piaproxy.com/quick/74.html]
[www.piaproxy.com/quick/71.html]
[www.piaproxy.com/quick/65.html]
[www.piaproxy.com/quick/23.html]
[www.piaproxy.com/quick/page2/index.html]
[www.piaproxy.com/quick/page1/index.html]
[www.piaproxy.com/quick/22.html]
[www.piaproxy.com/quick/page3/index.html]
[www.piaproxy.com/quick/20.html]
[ferrari-img.oss-cn-hongkong.aliyuncs.com/web/20220727/1658909355249378.png]
[www.piaproxy.com/how-to/84.html]
[ferrari-img.oss-cn-hongkong.aliyuncs.com/web/20220727/1658906010440312.png]
[www.piaproxy.com/how-to/81.html]
[ferrari-img.oss-cn-hongkong.aliyuncs.com/web/20220727/1658900156980605.png]
[www.piaproxy.com/how-to/77.html]
[ferrari-img.oss-cn-hongkong.aliyuncs.com/web/20220725/1658736361530060.png]
[www.piaproxy.com/how-to/73.html]
[www.piaproxy.com/how-to/64.html]
[www.piaproxy.com/how-to/58.html]
[www.piaproxy.com/how-to/57.html]
[www.piaproxy.com/how-to/48.html]
[www.piaproxy.com/how-to/47.html]
[www.piaproxy.com/how-to/31.html]
[www.piaproxy.com/how-to/29.html]
[www.piaproxy.com/how-to/page2/index.html]
[www.piaproxy.com/how-to/page1/index.html]
[ferrari-img.oss-cn-hongkong.aliyuncs.com/web/20220727/1658901794534322.png]
[www.piaproxy.com/latest/78.html]
[ferrari-img.oss-cn-hongkong.aliyuncs.com/web/20220727/1658890007650766.png]
[www.piaproxy.com/latest/76.html]
[res.cloudinary.com/delbwqa4s/image/upload/v1657673385/3_4a28015993.jpg]
[www.piaproxy.com/latest/70.html]
[www.jscape.com/hs-fs/hubfs/social-suggested-images/forward_proxy-3-5dbba.png]
[www.jscape.com/hs-fs/hubfs/social-suggested-images/reverse_proxy-resized-600-217473.png]
[www.piaproxy.com/latest/69.html]
[www.piaproxy.com/latest/66.html]
[www.piaproxy.com/latest/60.html]
[www.piaproxy.com/latest/41.html]
[www.piaproxy.com/latest/39.html]
[www.piaproxy.com/latest/38.html]
[www.piaproxy.com/latest/37.html]
[www.piaproxy.com/latest/page2/index.html]
[www.piaproxy.com/latest/page1/index.html]
[ferrari-img.oss-cn-hongkong.aliyuncs.com/web/20220803/1659516328744872.png]
[www.piaproxy.com/internet-security/97.html]
[ferrari-img.oss-cn-hongkong.aliyuncs.com/web/20220803/1659515751305418.png]
[ferrari-img.oss-cn-hongkong.aliyuncs.com/web/20220803/1659515634949729.jpg]
[www.piaproxy.com/internet-security/96.html]
[limeproxies.netlify.app/assets/222111.jpg]
[ferrari-img.oss-cn-hongkong.aliyuncs.com/web/20220802/1659429324729939.jpg]
[www.piaproxy.com/internet-security/94.html]
[www.piaproxy.com/internet-security/91.html]
[now.symassets.com/content/dam/norton/global/images/non-product/misc/tlc/woman-shopping-online-on-her-phone-with-card-in-hand-smiling-hero.jpg]
[ferrari-img.oss-cn-hongkong.aliyuncs.com/web/20220727/1658907453356668.png]
[www.piaproxy.com/internet-security/82.html]
[www.piaproxy.com/internet-security/79.html]
[www.piaproxy.com/internet-security/72.html]
[www.piaproxy.com/internet-security/68.html]
[www.piaproxy.com/internet-security/67.html]
[www.piaproxy.com/internet-security/62.html]
[www.piaproxy.com/internet-security/61.html]
[www.piaproxy.com/internet-security/56.html]
[www.piaproxy.com/internet-security/54.html]
[www.piaproxy.com/internet-security/page2/index.html]
[www.piaproxy.com/internet-security/15.html]
[www.piaproxy.com/internet-security/page1/index.html]
[www.piaproxy.com/internet-security/13.html]
[www.piaproxy.com/internet-security/12.html]
[www.piaproxy.com/internet-security/page3/index.html]
[www.piaproxy.com/internet-security/3.html]
[ferrari-img.oss-cn-hongkong.aliyuncs.com/web/20220729/1659076942917686.png]
[ferrari-img.oss-cn-hongkong.aliyuncs.com/web/20220729/1659077075837860.png]
[www.piaproxy.com/quick/86.html]
[ferrari-img.oss-cn-hongkong.aliyuncs.com/web/20220727/1658908027661130.png]
[www.piaproxy.com/quick/83.html]
[res.cloudinary.com/delbwqa4s/image/upload/v1657675182/1_152a7334ec.jpg]
[www.piaproxy.com/quick/80.html]
[ferrari-img.oss-cn-hongkong.aliyuncs.com/web/20220727/1658888357774295.png]
[ferrari-img.oss-cn-hongkong.aliyuncs.com/web/20220727/1658888588492536.png]
[www.piaproxy.com/quick/75.html]
[ferrari-img.oss-cn-hongkong.aliyuncs.com/web/20220723/1658556166181594.png]
[www.piaproxy.com/quick/74.html]
[www.piaproxy.com/quick/71.html]
[www.piaproxy.com/quick/65.html]
[www.piaproxy.com/quick/23.html]
[www.piaproxy.com/quick/page1/index.html]
[www.piaproxy.com/quick/22.html]
[www.piaproxy.com/quick/20.html]
[www.piaproxy.com/how-to/58.html]
[www.piaproxy.com/how-to/57.html]
[www.piaproxy.com/how-to/48.html]
[www.piaproxy.com/how-to/47.html]
[www.piaproxy.com/how-to/31.html]
[www.piaproxy.com/how-to/29.html]
[www.piaproxy.com/how-to/page1/index.html]
[www.piaproxy.com/latest/60.html]
[www.piaproxy.com/latest/41.html]
[www.piaproxy.com/latest/39.html]
[www.piaproxy.com/latest/38.html]
[www.piaproxy.com/latest/37.html]
[www.piaproxy.com/latest/page1/index.html]
[ferrari-img.oss-cn-hongkong.aliyuncs.com/web/20220727/1658903363704534.png]
[www.piaproxy.com/internet-security/79.html]
[www.piaproxy.com/internet-security/72.html]
[www.piaproxy.com/internet-security/68.html]
[www.piaproxy.com/internet-security/67.html]
[www.piaproxy.com/internet-security/62.html]
[www.piaproxy.com/internet-security/61.html]
[www.piaproxy.com/internet-security/56.html]
[www.piaproxy.com/internet-security/54.html]
[www.piaproxy.com/internet-security/page1/index.html]
[www.piaproxy.com/internet-security/15.html]
[www.piaproxy.com/internet-security/13.html]
[www.piaproxy.com/internet-security/12.html]
[www.piaproxy.com/internet-security/3.html]
